{
  "authors": [],
  "collection": {
    "created": 1234567890,
    "createdById": 1,
    "description": "",
    "id": 1,
    "name": "",
    "trashed": false,
    "updated": 1234567890,
    "updatedById": 1,
    "workspaceId": 1
  },
  "notes": []
}