{
  "collections": [
    {
      "created": 1234567890,
      "createdById": 1,
      "description": "Description 1",
      "id": 1,
      "name": "Name 1",
      "trashed": false,
      "updated": 1234567890,
      "updatedById": 1,
      "workspaceId": 1
    },
    {
      "created": 1234567890,
      "createdById": 1,
      "description": "Description 2",
      "id": 2,
      "name": "Name 2",
      "trashed": false,
      "updated": 1234567890,
      "updatedById": 1,
      "workspaceId": 1
    },
    {
      "created": 1234567890,
      "createdById": 1,
      "description": "Description 3",
      "id": 3,
      "name": "Name 3",
      "trashed": false,
      "updated": 1234567890,
      "updatedById": 1,
      "workspaceId": 1
    },
    {
      "created": 1234567890,
      "createdById": 1,
      "description": "Description 4",
      "id": 4,
      "name": "Name 4",
      "trashed": false,
      "updated": 1234567890,
      "updatedById": 1,
      "workspaceId": 1
    },
    {
      "created": 1234567890,
      "createdById": 1,
      "description": "Description 5",
      "id": 5,
      "name": "Name 5",
      "trashed": false,
      "updated": 1234567890,
      "updatedById": 1,
      "workspaceId": 1
    }
  ],
  "nextCursor": "TmFtZSA1OjU="
}