{
  "collections": [
    {
      "created": 1234567890,
      "createdById": 1,
      "description": "Description 9",
      "id": 9,
      "name": "Name 9",
      "trashed": false,
      "updated": 1234567890,
      "updatedById": 1,
      "workspaceId": 1
    },
    {
      "created": 1234567890,
      "createdById": 1,
      "description": "Description 8",
      "id": 8,
      "name": "Name 8",
      "trashed": false,
      "updated": 1234567890,
      "updatedById": 1,
      "workspaceId": 1
    },
    {
      "created": 1234567890,
      "createdById": 1,
      "description": "Description 7",
      "id": 7,
      "name": "Name 7",
      "trashed": false,
      "updated": 1234567890,
      "updatedById": 1,
      "workspaceId": 1
    },
    {
      "created": 1234567890,
      "createdById": 1,
      "description": "Description 6",
      "id": 6,
      "name": "Name 6",
      "trashed": false,
      "updated": 1234567890,
      "updatedById": 1,
      "workspaceId": 1
    },
    {
      "created": 1234567890,
      "createdById": 1,
      "description": "Description 5",
      "id": 5,
      "name": "Name 5",
      "trashed": false,
      "updated": 1234567890,
      "updatedById": 1,
      "workspaceId": 1
    },
    {
      "created": 1234567890,
      "createdById": 1,
      "description": "Description 4",
      "id": 4,
      "name": "Name 4",
      "trashed": false,
      "updated": 1234567890,
      "updatedById": 1,
      "workspaceId": 1
    },
    {
      "created": 1234567890,
      "createdById": 1,
      "description": "Description 3",
      "id": 3,
      "name": "Name 3",
      "trashed": false,
      "updated": 1234567890,
      "updatedById": 1,
      "workspaceId": 1
    },
    {
      "created": 1234567890,
      "createdById": 1,
      "description": "Description 2",
      "id": 2,
      "name": "Name 2",
      "trashed": false,
      "updated": 1234567890,
      "updatedById": 1,
      "workspaceId": 1
    },
    {
      "created": 1234567890,
      "createdById": 1,
      "description": "Description 1",
      "id": 1,
      "name": "Name 1",
      "trashed": false,
      "updated": 1234567890,
      "updatedById": 1,
      "workspaceId": 1
    }
  ],
  "nextCursor": ""
}