{
  "collections": [
    {
      "created": 1234567890,
      "createdById": 1,
      "description": "Description 6",
      "favorite": false,
      "id": 6,
      "name": "Name 6",
      "trashed": false,
      "updated": 1234567890,
      "updatedById": 1,
      "workspaceId": 1
    },
    {
      "created": 1234567890,
      "createdById": 1,
      "description": "Description 7",
      "favorite": false,
      "id": 7,
      "name": "Name 7",
      "trashed": false,
      "updated": 1234567890,
      "updatedById": 1,
      "workspaceId": 1
    },
    {
      "created": 1234567890,
      "createdById": 1,
      "description": "Description 8",
      "favorite": false,
      "id": 8,
      "name": "Name 8",
      "trashed": false,
      "updated": 1234567890,
      "updatedById": 1,
      "workspaceId": 1
    },
    {
      "created": 1234567890,
      "createdById": 1,
      "description": "Description 9",
      "favorite": false,
      "id": 9,
      "name": "Name 9",
      "trashed": false,
      "updated": 1234567890,
      "updatedById": 1,
      "workspaceId": 1
    }
  ],
  "nextCursor": ""
}