{
  "collection": {
    "created": 1234567890,
    "createdById": 1,
    "description": "Updated Description",
    "favorite": false,
    "id": 1,
    "name": "Updated Name",
    "trashed": false,
    "updated": 1234567890,
    "updatedById": 1,
    "workspaceId": 1
  }
}