{
  "nextCursor": "MTA6NQ==",
  "notes": [
    {
      "content": {
        "dom": []
      },
      "created": 9,
      "createdById": 1,
      "favorite": true,
      "hasAudios": false,
      "hasClosedTasks": false,
      "hasCode": false,
      "hasContent": true,
      "hasFiles": false,
      "hasImages": false,
      "hasLinks": false,
      "hasOpenTasks": false,
      "hasQuotes": false,
      "hasTables": false,
      "hasVideos": false,
      "id": 9,
      "trashed": false,
      "updated": 18,
      "updatedById": 1,
      "uuid": "rand-uuid-9",
      "workspaceId": 1
    },
    {
      "content": {
        "dom": []
      },
      "created": 8,
      "createdById": 1,
      "favorite": true,
      "hasAudios": false,
      "hasClosedTasks": false,
      "hasCode": false,
      "hasContent": true,
      "hasFiles": false,
      "hasImages": false,
      "hasLinks": false,
      "hasOpenTasks": false,
      "hasQuotes": false,
      "hasTables": false,
      "hasVideos": false,
      "id": 8,
      "trashed": false,
      "updated": 16,
      "updatedById": 1,
      "uuid": "rand-uuid-8",
      "workspaceId": 1
    },
    {
      "content": {
        "dom": []
      },
      "created": 7,
      "createdById": 1,
      "favorite": true,
      "hasAudios": false,
      "hasClosedTasks": false,
      "hasCode": false,
      "hasContent": true,
      "hasFiles": false,
      "hasImages": false,
      "hasLinks": false,
      "hasOpenTasks": false,
      "hasQuotes": false,
      "hasTables": false,
      "hasVideos": false,
      "id": 7,
      "trashed": false,
      "updated": 14,
      "updatedById": 1,
      "uuid": "rand-uuid-7",
      "workspaceId": 1
    },
    {
      "content": {
        "dom": []
      },
      "created": 6,
      "createdById": 1,
      "favorite": true,
      "hasAudios": false,
      "hasClosedTasks": false,
      "hasCode": false,
      "hasContent": true,
      "hasFiles": false,
      "hasImages": false,
      "hasLinks": false,
      "hasOpenTasks": false,
      "hasQuotes": false,
      "hasTables": false,
      "hasVideos": false,
      "id": 6,
      "trashed": false,
      "updated": 12,
      "updatedById": 1,
      "uuid": "rand-uuid-6",
      "workspaceId": 1
    },
    {
      "content": {
        "dom": []
      },
      "created": 5,
      "createdById": 1,
      "favorite": true,
      "hasAudios": false,
      "hasClosedTasks": false,
      "hasCode": false,
      "hasContent": true,
      "hasFiles": false,
      "hasImages": false,
      "hasLinks": false,
      "hasOpenTasks": false,
      "hasQuotes": false,
      "hasTables": false,
      "hasVideos": false,
      "id": 5,
      "trashed": false,
      "updated": 10,
      "updatedById": 1,
      "uuid": "rand-uuid-5",
      "workspaceId": 1
    }
  ]
}